[2019-06-28T11:43:11.849-0900][gc,heap] Heap region size: 1M
[2019-06-28T11:43:11.857-0900][gc     ] Using G1
[2019-06-28T11:43:11.857-0900][gc,heap,coops] Heap address: 0x00000007c0000000, size: 1024 MB, Compressed Oops mode: Zero based, Oop shift amount: 3
[2019-06-28T11:43:17.872-0900][gc,start     ] GC(0) Pause Young (Concurrent Start) (Metadata GC Threshold)
[2019-06-28T11:43:17.872-0900][gc,task      ] GC(0) Using 4 workers of 4 for evacuation
[2019-06-28T11:43:17.879-0900][gc,phases    ] GC(0)   Pre Evacuate Collection Set: 0.0ms
[2019-06-28T11:43:17.879-0900][gc,phases    ] GC(0)   Evacuate Collection Set: 7.0ms
[2019-06-28T11:43:17.879-0900][gc,phases    ] GC(0)   Post Evacuate Collection Set: 0.3ms
[2019-06-28T11:43:17.879-0900][gc,phases    ] GC(0)   Other: 0.4ms
[2019-06-28T11:43:17.879-0900][gc,heap      ] GC(0) Eden regions: 37->0(45)
[2019-06-28T11:43:17.879-0900][gc,heap      ] GC(0) Survivor regions: 0->6(7)
[2019-06-28T11:43:17.879-0900][gc,heap      ] GC(0) Old regions: 0->0
[2019-06-28T11:43:17.879-0900][gc,heap      ] GC(0) Humongous regions: 0->0
[2019-06-28T11:43:17.879-0900][gc,metaspace ] GC(0) Metaspace: 20674K->20674K(1069056K)
[2019-06-28T11:43:17.879-0900][gc           ] GC(0) Pause Young (Concurrent Start) (Metadata GC Threshold) 36M->5M(1024M) 7.845ms
[2019-06-28T11:43:17.879-0900][gc,cpu       ] GC(0) User=0.02s Sys=0.01s Real=0.00s
[2019-06-28T11:43:17.879-0900][gc           ] GC(1) Concurrent Cycle
[2019-06-28T11:43:17.879-0900][gc,marking   ] GC(1) Concurrent Clear Claimed Marks
[2019-06-28T11:43:17.879-0900][gc,marking   ] GC(1) Concurrent Clear Claimed Marks 0.027ms
[2019-06-28T11:43:17.879-0900][gc,marking   ] GC(1) Concurrent Scan Root Regions
[2019-06-28T11:43:17.883-0900][gc,marking   ] GC(1) Concurrent Scan Root Regions 3.874ms
[2019-06-28T11:43:17.883-0900][gc,marking   ] GC(1) Concurrent Mark (6.041s)
[2019-06-28T11:43:17.883-0900][gc,marking   ] GC(1) Concurrent Mark From Roots
[2019-06-28T11:43:17.883-0900][gc,task      ] GC(1) Using 1 workers of 1 for marking
[2019-06-28T11:43:17.884-0900][gc,marking   ] GC(1) Concurrent Mark From Roots 0.163ms
[2019-06-28T11:43:17.884-0900][gc,marking   ] GC(1) Concurrent Preclean
[2019-06-28T11:43:17.884-0900][gc,marking   ] GC(1) Concurrent Preclean 0.027ms
[2019-06-28T11:43:17.884-0900][gc,marking   ] GC(1) Concurrent Mark (6.041s, 6.042s) 0.250ms
[2019-06-28T11:43:17.884-0900][gc,start     ] GC(1) Pause Remark
[2019-06-28T11:43:17.886-0900][gc,stringtable] GC(1) Cleaned string and symbol table, strings: 7291 processed, 0 removed, symbols: 63602 processed, 44 removed
[2019-06-28T11:43:17.887-0900][gc            ] GC(1) Pause Remark 6M->6M(1024M) 2.335ms
[2019-06-28T11:43:17.887-0900][gc,cpu        ] GC(1) User=0.01s Sys=0.00s Real=0.00s
[2019-06-28T11:43:17.887-0900][gc,marking    ] GC(1) Concurrent Rebuild Remembered Sets
[2019-06-28T11:43:17.887-0900][gc,marking    ] GC(1) Concurrent Rebuild Remembered Sets 0.071ms
[2019-06-28T11:43:17.887-0900][gc,start      ] GC(1) Pause Cleanup
[2019-06-28T11:43:17.887-0900][gc            ] GC(1) Pause Cleanup 6M->6M(1024M) 0.102ms
[2019-06-28T11:43:17.887-0900][gc,cpu        ] GC(1) User=0.00s Sys=0.00s Real=0.00s
[2019-06-28T11:43:17.887-0900][gc,marking    ] GC(1) Concurrent Cleanup for Next Mark
[2019-06-28T11:43:17.894-0900][gc,marking    ] GC(1) Concurrent Cleanup for Next Mark 6.500ms
[2019-06-28T11:43:17.894-0900][gc            ] GC(1) Concurrent Cycle 14.164ms
[2019-06-28T11:43:24.739-0900][gc,heap,exit  ] Heap
[2019-06-28T11:43:24.739-0900][gc,heap,exit  ]  garbage-first heap   total 1048576K, used 11249K [0x00000007c0000000, 0x0000000800000000)
[2019-06-28T11:43:24.739-0900][gc,heap,exit  ]   region size 1024K, 12 young (12288K), 6 survivors (6144K)
[2019-06-28T11:43:24.740-0900][gc,heap,exit  ]  Metaspace       used 21448K, capacity 21975K, committed 22268K, reserved 1069056K
[2019-06-28T11:43:24.740-0900][gc,heap,exit  ]   class space    used 2641K, capacity 2851K, committed 2892K, reserved 1048576K
