[2019-06-29T15:29:21.201-0900][gc,heap] Heap region size: 1M
[2019-06-29T15:29:21.207-0900][gc     ] Using G1
[2019-06-29T15:29:21.207-0900][gc,heap,coops] Heap address: 0x00000007e0000000, size: 512 MB, Compressed Oops mode: Zero based, Oop shift amount: 3
[2019-06-29T15:58:51.109-0900][gc,start     ] GC(0) Pause Young (Normal) (G1 Evacuation Pause)
[2019-06-29T15:58:51.111-0900][gc,task      ] GC(0) Using 4 workers of 4 for evacuation
[2019-06-29T15:58:51.138-0900][gc,mmu       ] GC(0) MMU target violated: 21.0ms (20.0ms/21.0ms)
[2019-06-29T15:58:51.138-0900][gc,phases    ] GC(0)   Pre Evacuate Collection Set: 1.1ms
[2019-06-29T15:58:51.138-0900][gc,phases    ] GC(0)   Evacuate Collection Set: 24.9ms
[2019-06-29T15:58:51.138-0900][gc,phases    ] GC(0)   Post Evacuate Collection Set: 0.4ms
[2019-06-29T15:58:51.138-0900][gc,phases    ] GC(0)   Other: 2.8ms
[2019-06-29T15:58:51.138-0900][gc,heap      ] GC(0) Eden regions: 25->0(21)
[2019-06-29T15:58:51.138-0900][gc,heap      ] GC(0) Survivor regions: 0->4(4)
[2019-06-29T15:58:51.138-0900][gc,heap      ] GC(0) Old regions: 0->2
[2019-06-29T15:58:51.138-0900][gc,heap      ] GC(0) Humongous regions: 0->0
[2019-06-29T15:58:51.138-0900][gc,metaspace ] GC(0) Metaspace: 15157K->15157K(1062912K)
[2019-06-29T15:58:51.138-0900][gc           ] GC(0) Pause Young (Normal) (G1 Evacuation Pause) 25M->5M(512M) 29.155ms
[2019-06-29T15:58:51.138-0900][gc,cpu       ] GC(0) User=0.02s Sys=0.05s Real=0.03s
[2019-06-29T16:23:18.842-0900][gc,heap,exit ] Heap
[2019-06-29T16:23:18.842-0900][gc,heap,exit ]  garbage-first heap   total 524288K, used 7640K [0x00000007e0000000, 0x0000000800000000)
[2019-06-29T16:23:18.842-0900][gc,heap,exit ]   region size 1024K, 7 young (7168K), 4 survivors (4096K)
[2019-06-29T16:23:18.843-0900][gc,heap,exit ]  Metaspace       used 15177K, capacity 15571K, committed 15744K, reserved 1062912K
[2019-06-29T16:23:18.843-0900][gc,heap,exit ]   class space    used 1517K, capacity 1634K, committed 1664K, reserved 1048576K
